
> my-app@0.0.0 build
> tsc -b && vite build

[36mvite v7.3.1 [32mbuilding client environment for production...[36m[39m
transforming...
[32m✓[39m 98 modules transformed.
node.exe : [31m✗[39m Build failed in 
1.60s
At line:1 char:1
+ & "C:\Program Files\nodejs/node.exe" 
"C:\Program Files\nodejs/node_mo ...
+ ~~~~~~~~~~~~~~~~~~~~~~~~~~~~~~~~~~~~~
~~~~~~~~~~~~~~~~~~~~~~~~~~~~~~~~
    + CategoryInfo          : NotSpeci 
   fied: ([31m✗[39m Build failed in  
   1.60s:String) [], RemoteException
    + FullyQualifiedErrorId : NativeCo 
   mmandError
 
[31merror during build:
[31mCould not resolve "../assets/image
s/TadelaktPro-Jardin-des-Douars-Essaoui
ra-room-Sultan-1-1536x1024.webp" from 
"src/pages/Devis.tsx"[31m
file: [36mC:/Users/Gamer/Desktop/Elbah
jaTadelakt/app/src/pages/Devis.tsx[31m
    at getRollupError (file:///C:/Users
/Gamer/Desktop/ElbahjaTadelakt/app/node
_modules/rollup/dist/es/shared/parseAst
.js:402:41)
    at error (file:///C:/Users/Gamer/De
sktop/ElbahjaTadelakt/app/node_modules/
rollup/dist/es/shared/parseAst.js:398:4
2)
    at 
ModuleLoader.handleInvalidResolvedId (f
ile:///C:/Users/Gamer/Desktop/ElbahjaTa
delakt/app/node_modules/rollup/dist/es/
shared/node-entry.js:21710:24)
    at file:///C:/Users/Gamer/Desktop/E
lbahjaTadelakt/app/node_modules/rollup/
dist/es/shared/node-entry.js:21670:26[
39m
